// Jest Snapshot v1, https://goo.gl/fbAQLP

exports[`Renders Quote component correctly 1`] = `
<div
  className="quote-section"
>
  <h2
    className="quote-title"
  >
    Pure mathematics is, in its way, the poetry of logical ideas.
  </h2>
  <p
    className="quote-p"
  >
    - Albert Einstein
  </p>
</div>
`;
